exports[`<Board/> snapshot test 1`] = `
<div
  className="dMcBAq">
  <section
    className="kjauoa">
    <header
      className="eQnITk">
      <span
        className="jgmSre">
        Lane1
      </span>
      <span
        className="ggHFfo" />
    </header>
    <div
      className="drag-inner-list gPtRcD"
      data-id="Lane1" />
  </section>
</div>
`;
