exports[`<Card/> snapshot test 1`] = `
<article
  className="idjyyL"
  onClick={[Function]}>
  <header
    className="ceKhth">
    <span
      className="jyysHb">
      Card title
    </span>
    <span
      className="jrlHOK">
      Overdue
    </span>
  </header>
  <div
    className="gWrsil">
    New Description
  </div>
</article>
`;

exports[`<Card/> snapshot test 2`] = `
<article
  className="idjyyL"
  onClick={[Function]}>
  <header
    className="ceKhth">
    <span
      className="jyysHb">
      Card title
    </span>
    <span
      className="jrlHOK">
      Overdue
    </span>
  </header>
  <div
    className="gWrsil">
    New Description
  </div>
</article>
`;
