exports[`<Lane/> snapshot test 1`] = `
<section
  className="iQKVWF">
  <header
    className="eQnITk">
    <span
      className="jgmSre">
      First Lane
    </span>
    <span
      className="ggHFfo">
      Total: 3
    </span>
  </header>
  <div
    className="ljSFec">
    <article
      className="idjyyL">
      <header
        className="ceKhth">
        <span
          className="jyysHb">
          hello
        </span>
        <span
          className="jrlHOK" />
      </header>
      <div
        className="gWrsil">
        hello hello
      </div>
    </article>
  </div>
</section>
`;
